Archive member included because of file (symbol)

c:/winavr-20100110/bin/../lib/gcc/avr/4.3.3/avr5\libgcc.a(_exit.o)
                              c:/winavr-20100110/bin/../lib/gcc/avr/4.3.3/../../../../avr/lib/avr5/crtm32.o (exit)
c:/winavr-20100110/bin/../lib/gcc/avr/4.3.3/avr5\libgcc.a(_copy_data.o)
                              ./HAL/KBP/KBD_program.o (__do_copy_data)
c:/winavr-20100110/bin/../lib/gcc/avr/4.3.3/avr5\libgcc.a(_clear_bss.o)
                              ./MCAL/UART/UART_program.o (__do_clear_bss)
c:/winavr-20100110/bin/../lib/gcc/avr/4.3.3/avr5\libgcc.a(_ashldi3.o)
                              ./HAL/CLCD_Eng_Hesham/CLCD_program.o (__ashldi3)
c:/winavr-20100110/bin/../lib/gcc/avr/4.3.3/avr5\libgcc.a(_udivdi3.o)
                              ./HAL/CLCD_Eng_Hesham/CLCD_program.o (__udivdi3)
c:/winavr-20100110/bin/../lib/gcc/avr/4.3.3/avr5\libgcc.a(_umoddi3.o)
                              ./HAL/CLCD_Eng_Hesham/CLCD_program.o (__umoddi3)
c:/winavr-20100110/bin/../lib/gcc/avr/4.3.3/avr5\libgcc.a(_mulsi3.o)
                              c:/winavr-20100110/bin/../lib/gcc/avr/4.3.3/avr5\libgcc.a(_udivdi3.o) (__mulsi3)
c:/winavr-20100110/bin/../lib/gcc/avr/4.3.3/avr5\libgcc.a(_udivmodsi4.o)
                              c:/winavr-20100110/bin/../lib/gcc/avr/4.3.3/avr5\libgcc.a(_udivdi3.o) (__udivmodsi4)
c:/winavr-20100110/bin/../lib/gcc/avr/4.3.3/avr5\libgcc.a(_prologue.o)
                              c:/winavr-20100110/bin/../lib/gcc/avr/4.3.3/avr5\libgcc.a(_udivdi3.o) (__prologue_saves__)
c:/winavr-20100110/bin/../lib/gcc/avr/4.3.3/avr5\libgcc.a(_epilogue.o)
                              c:/winavr-20100110/bin/../lib/gcc/avr/4.3.3/avr5\libgcc.a(_udivdi3.o) (__epilogue_restores__)
c:/winavr-20100110/bin/../lib/gcc/avr/4.3.3/avr5\libgcc.a(_clz.o)
                              c:/winavr-20100110/bin/../lib/gcc/avr/4.3.3/avr5\libgcc.a(_udivdi3.o) (__clz_tab)

Allocating common symbols
Common symbol       size              file

EXTI_CALLBACK       0x6               ./MCAL/EXTI/EXTI_program.o
TIM0_CALLBACK       0x4               ./MCAL/TIM0/TIM0_program.o
String              0x14              ./MCAL/UART/UART_program.o

Memory Configuration

Name             Origin             Length             Attributes
text             0x00000000         0x00020000         xr
data             0x00800060         0x0000ffa0         rw !x
eeprom           0x00810000         0x00010000         rw !x
fuse             0x00820000         0x00000400         rw !x
lock             0x00830000         0x00000400         rw !x
signature        0x00840000         0x00000400         rw !x
*default*        0x00000000         0xffffffff

Linker script and memory map

LOAD c:/winavr-20100110/bin/../lib/gcc/avr/4.3.3/../../../../avr/lib/avr5/crtm32.o
LOAD ./MCAL/UART/UART_program.o
LOAD ./MCAL/TIM1/TIM1_program.o
LOAD ./MCAL/TIM0/TIM0_program.o
LOAD ./MCAL/SPI/SPI_program.o
LOAD ./MCAL/GIE/GIE_program.o
LOAD ./MCAL/EXTI/EXTI_program.o
LOAD ./MCAL/DIO/DIO_program.o
LOAD ./MCAL/ADC/ADC_program.o
LOAD ./HAL/SW/SW_program.o
LOAD ./HAL/SSD/SSD_program.o
LOAD ./HAL/LED/LED_program.o
LOAD ./HAL/KBP/KBD_program.o
LOAD ./HAL/CLCD_Eng_Hesham/CLCD_program.o
LOAD ./APP/main.o
LOAD c:/winavr-20100110/bin/../lib/gcc/avr/4.3.3/avr5\libgcc.a
LOAD c:/winavr-20100110/bin/../lib/gcc/avr/4.3.3/../../../../avr/lib/avr5\libc.a
LOAD c:/winavr-20100110/bin/../lib/gcc/avr/4.3.3/avr5\libgcc.a

.hash
 *(.hash)

.dynsym
 *(.dynsym)

.dynstr
 *(.dynstr)

.gnu.version
 *(.gnu.version)

.gnu.version_d
 *(.gnu.version_d)

.gnu.version_r
 *(.gnu.version_r)

.rel.init
 *(.rel.init)

.rela.init
 *(.rela.init)

.rel.text
 *(.rel.text)
 *(.rel.text.*)
 *(.rel.gnu.linkonce.t*)

.rela.text
 *(.rela.text)
 *(.rela.text.*)
 *(.rela.gnu.linkonce.t*)

.rel.fini
 *(.rel.fini)

.rela.fini
 *(.rela.fini)

.rel.rodata
 *(.rel.rodata)
 *(.rel.rodata.*)
 *(.rel.gnu.linkonce.r*)

.rela.rodata
 *(.rela.rodata)
 *(.rela.rodata.*)
 *(.rela.gnu.linkonce.r*)

.rel.data
 *(.rel.data)
 *(.rel.data.*)
 *(.rel.gnu.linkonce.d*)

.rela.data
 *(.rela.data)
 *(.rela.data.*)
 *(.rela.gnu.linkonce.d*)

.rel.ctors
 *(.rel.ctors)

.rela.ctors
 *(.rela.ctors)

.rel.dtors
 *(.rel.dtors)

.rela.dtors
 *(.rela.dtors)

.rel.got
 *(.rel.got)

.rela.got
 *(.rela.got)

.rel.bss
 *(.rel.bss)

.rela.bss
 *(.rela.bss)

.rel.plt
 *(.rel.plt)

.rela.plt
 *(.rela.plt)

.text           0x00000000     0x2ad8
 *(.vectors)
 .vectors       0x00000000       0x54 c:/winavr-20100110/bin/../lib/gcc/avr/4.3.3/../../../../avr/lib/avr5/crtm32.o
                0x00000000                __vectors
                0x00000000                __vector_default
 *(.vectors)
 *(.progmem.gcc*)
 *(.progmem*)
                0x00000054                . = ALIGN (0x2)
                0x00000054                __trampolines_start = .
 *(.trampolines)
 .trampolines   0x00000054        0x0 linker stubs
 *(.trampolines*)
                0x00000054                __trampolines_end = .
 *(.jumptables)
 *(.jumptables*)
 *(.lowtext)
 *(.lowtext*)
                0x00000054                __ctors_start = .
 *(.ctors)
                0x00000054                __ctors_end = .
                0x00000054                __dtors_start = .
 *(.dtors)
                0x00000054                __dtors_end = .
 SORT(*)(.ctors)
 SORT(*)(.dtors)
 *(.init0)
 .init0         0x00000054        0x0 c:/winavr-20100110/bin/../lib/gcc/avr/4.3.3/../../../../avr/lib/avr5/crtm32.o
                0x00000054                __init
 *(.init0)
 *(.init1)
 *(.init1)
 *(.init2)
 .init2         0x00000054        0xc c:/winavr-20100110/bin/../lib/gcc/avr/4.3.3/../../../../avr/lib/avr5/crtm32.o
 *(.init2)
 *(.init3)
 *(.init3)
 *(.init4)
 .init4         0x00000060       0x16 c:/winavr-20100110/bin/../lib/gcc/avr/4.3.3/avr5\libgcc.a(_copy_data.o)
                0x00000060                __do_copy_data
 .init4         0x00000076       0x10 c:/winavr-20100110/bin/../lib/gcc/avr/4.3.3/avr5\libgcc.a(_clear_bss.o)
                0x00000076                __do_clear_bss
 *(.init4)
 *(.init5)
 *(.init5)
 *(.init6)
 *(.init6)
 *(.init7)
 *(.init7)
 *(.init8)
 *(.init8)
 *(.init9)
 .init9         0x00000086        0x8 c:/winavr-20100110/bin/../lib/gcc/avr/4.3.3/../../../../avr/lib/avr5/crtm32.o
 *(.init9)
 *(.text)
 .text          0x0000008e        0x4 c:/winavr-20100110/bin/../lib/gcc/avr/4.3.3/../../../../avr/lib/avr5/crtm32.o
                0x0000008e                __vector_12
                0x0000008e                __bad_interrupt
                0x0000008e                __vector_6
                0x0000008e                __vector_13
                0x0000008e                __vector_17
                0x0000008e                __vector_19
                0x0000008e                __vector_7
                0x0000008e                __vector_5
                0x0000008e                __vector_4
                0x0000008e                __vector_9
                0x0000008e                __vector_15
                0x0000008e                __vector_8
                0x0000008e                __vector_14
                0x0000008e                __vector_16
                0x0000008e                __vector_18
                0x0000008e                __vector_20
 .text          0x00000092        0x0 ./MCAL/UART/UART_program.o
 .text          0x00000092        0x0 ./MCAL/TIM1/TIM1_program.o
 .text          0x00000092        0x0 ./MCAL/TIM0/TIM0_program.o
 .text          0x00000092        0x0 ./MCAL/SPI/SPI_program.o
 .text          0x00000092        0x0 ./MCAL/GIE/GIE_program.o
 .text          0x00000092        0x0 ./MCAL/EXTI/EXTI_program.o
 .text          0x00000092        0x0 ./MCAL/DIO/DIO_program.o
 .text          0x00000092        0x0 ./MCAL/ADC/ADC_program.o
 .text          0x00000092        0x0 ./HAL/SW/SW_program.o
 .text          0x00000092        0x0 ./HAL/SSD/SSD_program.o
 .text          0x00000092        0x0 ./HAL/LED/LED_program.o
 .text          0x00000092        0x0 ./HAL/KBP/KBD_program.o
 .text          0x00000092        0x0 ./HAL/CLCD_Eng_Hesham/CLCD_program.o
 .text          0x00000092        0x0 ./APP/main.o
 .text          0x00000092        0x0 c:/winavr-20100110/bin/../lib/gcc/avr/4.3.3/avr5\libgcc.a(_exit.o)
 .text          0x00000092        0x0 c:/winavr-20100110/bin/../lib/gcc/avr/4.3.3/avr5\libgcc.a(_copy_data.o)
 .text          0x00000092        0x0 c:/winavr-20100110/bin/../lib/gcc/avr/4.3.3/avr5\libgcc.a(_clear_bss.o)
 .text          0x00000092       0xfe c:/winavr-20100110/bin/../lib/gcc/avr/4.3.3/avr5\libgcc.a(_ashldi3.o)
                0x00000092                __ashldi3
 .text          0x00000190      0xcea c:/winavr-20100110/bin/../lib/gcc/avr/4.3.3/avr5\libgcc.a(_udivdi3.o)
                0x00000190                __udivdi3
 .text          0x00000e7a      0xce0 c:/winavr-20100110/bin/../lib/gcc/avr/4.3.3/avr5\libgcc.a(_umoddi3.o)
                0x00000e7a                __umoddi3
 .text          0x00001b5a        0x0 c:/winavr-20100110/bin/../lib/gcc/avr/4.3.3/avr5\libgcc.a(_mulsi3.o)
 .text          0x00001b5a        0x0 c:/winavr-20100110/bin/../lib/gcc/avr/4.3.3/avr5\libgcc.a(_udivmodsi4.o)
 .text          0x00001b5a        0x0 c:/winavr-20100110/bin/../lib/gcc/avr/4.3.3/avr5\libgcc.a(_prologue.o)
 .text          0x00001b5a        0x0 c:/winavr-20100110/bin/../lib/gcc/avr/4.3.3/avr5\libgcc.a(_epilogue.o)
 .text          0x00001b5a        0x0 c:/winavr-20100110/bin/../lib/gcc/avr/4.3.3/avr5\libgcc.a(_clz.o)
                0x00001b5a                . = ALIGN (0x2)
 *(.text.*)
 .text.UART_VoidInit
                0x00001b5a       0x12 ./MCAL/UART/UART_program.o
                0x00001b5a                UART_VoidInit
 .text.UART_VoidTransmit
                0x00001b6c        0x8 ./MCAL/UART/UART_program.o
                0x00001b6c                UART_VoidTransmit
 .text.UART_VoidRecieve
                0x00001b74        0x8 ./MCAL/UART/UART_program.o
                0x00001b74                UART_VoidRecieve
 .text.UART_voidWriteString
                0x00001b7c       0x1a ./MCAL/UART/UART_program.o
                0x00001b7c                UART_voidWriteString
 .text.UART_voidReadString
                0x00001b96       0x26 ./MCAL/UART/UART_program.o
                0x00001b96                UART_voidReadString
 .text.TIM0_voidInit
                0x00001bbc       0x32 ./MCAL/TIM0/TIM0_program.o
                0x00001bbc                TIM0_voidInit
 .text.TIM0_voidTovfPreload
                0x00001bee        0x4 ./MCAL/TIM0/TIM0_program.o
                0x00001bee                TIM0_voidTovfPreload
 .text.TIM0_voidTctcfPreload
                0x00001bf2        0x4 ./MCAL/TIM0/TIM0_program.o
                0x00001bf2                TIM0_voidTctcfPreload
 .text.TIM0_u8GetFlag
                0x00001bf6       0x14 ./MCAL/TIM0/TIM0_program.o
                0x00001bf6                TIM0_u8GetFlag
 .text.TIM0_CTC_voidSetCallBack
                0x00001c0a        0xa ./MCAL/TIM0/TIM0_program.o
                0x00001c0a                TIM0_CTC_voidSetCallBack
 .text.__vector_10
                0x00001c14       0x4e ./MCAL/TIM0/TIM0_program.o
                0x00001c14                __vector_10
 .text.TIM0_OV_voidSetCallBack
                0x00001c62        0xa ./MCAL/TIM0/TIM0_program.o
                0x00001c62                TIM0_OV_voidSetCallBack
 .text.__vector_11
                0x00001c6c       0x4e ./MCAL/TIM0/TIM0_program.o
                0x00001c6c                __vector_11
 .text.SPI_u8SlaveTransmitReceive
                0x00001cba        0xa ./MCAL/SPI/SPI_program.o
                0x00001cba                SPI_u8SlaveTransmitReceive
 .text.SPI_u8MasterTransmitReceive
                0x00001cc4       0x24 ./MCAL/SPI/SPI_program.o
                0x00001cc4                SPI_u8MasterTransmitReceive
 .text.SPI_voidSlaveInit
                0x00001ce8       0x2e ./MCAL/SPI/SPI_program.o
                0x00001ce8                SPI_voidSlaveInit
 .text.SPI_voidMasterInit
                0x00001d16       0x34 ./MCAL/SPI/SPI_program.o
                0x00001d16                SPI_voidMasterInit
 .text.GIE_voidEnable
                0x00001d4a        0x8 ./MCAL/GIE/GIE_program.o
                0x00001d4a                GIE_voidEnable
 .text.GIE_voidDisable
                0x00001d52        0x8 ./MCAL/GIE/GIE_program.o
                0x00001d52                GIE_voidDisable
 .text.EXTI_voidSetCallBack
                0x00001d5a       0x12 ./MCAL/EXTI/EXTI_program.o
                0x00001d5a                EXTI_voidSetCallBack
 .text.__vector_1
                0x00001d6c       0x4e ./MCAL/EXTI/EXTI_program.o
                0x00001d6c                __vector_1
 .text.__vector_2
                0x00001dba        0xc ./MCAL/EXTI/EXTI_program.o
                0x00001dba                __vector_2
 .text.__vector_3
                0x00001dc6        0xc ./MCAL/EXTI/EXTI_program.o
                0x00001dc6                __vector_3
 .text.EXTI_voidEnable
                0x00001dd2       0x28 ./MCAL/EXTI/EXTI_program.o
                0x00001dd2                EXTI_voidEnable
 .text.EXTI_voidDisable
                0x00001dfa       0x2a ./MCAL/EXTI/EXTI_program.o
                0x00001dfa                EXTI_voidDisable
 .text.EXTI_voidClearFlag
                0x00001e24       0x28 ./MCAL/EXTI/EXTI_program.o
                0x00001e24                EXTI_voidClearFlag
 .text.EXTI_voidSetSignalLatch
                0x00001e4c       0x48 ./MCAL/EXTI/EXTI_program.o
                0x00001e4c                EXTI_voidSetSignalLatch
 .text.EXTI_voidInit
                0x00001e94       0x14 ./MCAL/EXTI/EXTI_program.o
                0x00001e94                EXTI_voidInit
 .text.DIO_voidSetPortDirection
                0x00001ea8       0x22 ./MCAL/DIO/DIO_program.o
                0x00001ea8                DIO_voidSetPortDirection
 .text.DIO_voidSetPortValue
                0x00001eca       0x22 ./MCAL/DIO/DIO_program.o
                0x00001eca                DIO_voidSetPortValue
 .text.DIO_u8GetPortValue
                0x00001eec       0x24 ./MCAL/DIO/DIO_program.o
                0x00001eec                DIO_u8GetPortValue
 .text.DIO_voidSetPinDirection
                0x00001f10       0xdc ./MCAL/DIO/DIO_program.o
                0x00001f10                DIO_voidSetPinDirection
 .text.DIO_voidSetPinValue
                0x00001fec       0xdc ./MCAL/DIO/DIO_program.o
                0x00001fec                DIO_voidSetPinValue
 .text.DIO_u8GetPinValue
                0x000020c8       0x40 ./MCAL/DIO/DIO_program.o
                0x000020c8                DIO_u8GetPinValue
 .text.ADC_voidINIT
                0x00002108        0xa ./MCAL/ADC/ADC_program.o
                0x00002108                ADC_voidINIT
 .text.ADC_voidSetType
                0x00002112        0x8 ./MCAL/ADC/ADC_program.o
                0x00002112                ADC_voidSetType
 .text.ADC_u16GetResult
                0x0000211a       0x1a ./MCAL/ADC/ADC_program.o
                0x0000211a                ADC_u16GetResult
 .text.ADC_voidSetAutoTrigger
                0x00002134        0xa ./MCAL/ADC/ADC_program.o
                0x00002134                ADC_voidSetAutoTrigger
 .text.SW_u8GetPressed
                0x0000213e       0x88 ./HAL/SW/SW_program.o
                0x0000213e                SW_u8GetPressed
 .text.SSD_voidDisbaleB
                0x000021c6        0xc ./HAL/SSD/SSD_program.o
                0x000021c6                SSD_voidDisbaleB
 .text.SSD_voidDisbaleA
                0x000021d2        0xc ./HAL/SSD/SSD_program.o
                0x000021d2                SSD_voidDisbaleA
 .text.SSD_voidEnableB
                0x000021de        0xc ./HAL/SSD/SSD_program.o
                0x000021de                SSD_voidEnableB
 .text.SSD_voidEnableA
                0x000021ea        0xc ./HAL/SSD/SSD_program.o
                0x000021ea                SSD_voidEnableA
 .text.SSD_voidSendNumber
                0x000021f6        0xe ./HAL/SSD/SSD_program.o
                0x000021f6                SSD_voidSendNumber
 .text.SSD_voidSendTwoNumbers
                0x00002204       0x64 ./HAL/SSD/SSD_program.o
                0x00002204                SSD_voidSendTwoNumbers
 .text.SSD_voidInit
                0x00002268       0x3e ./HAL/SSD/SSD_program.o
                0x00002268                SSD_voidInit
 .text.LED_voidToggle
                0x000022a6       0x56 ./HAL/LED/LED_program.o
                0x000022a6                LED_voidToggle
 .text.LED_voidOff
                0x000022fc       0x38 ./HAL/LED/LED_program.o
                0x000022fc                LED_voidOff
 .text.LED_voidOn
                0x00002334       0x56 ./HAL/LED/LED_program.o
                0x00002334                LED_voidOn
 .text.KBD_u8GetPressed
                0x0000238a       0xa4 ./HAL/KBP/KBD_program.o
                0x0000238a                KBD_u8GetPressed
 .text.KBD_voidInit
                0x0000242e       0xa2 ./HAL/KBP/KBD_program.o
                0x0000242e                KBD_voidInit
 .text.CLCD_voidWriteData
                0x000024d0       0x82 ./HAL/CLCD_Eng_Hesham/CLCD_program.o
                0x000024d0                CLCD_voidWriteData
 .text.CLCD_voidWriteNumber
                0x00002552      0x304 ./HAL/CLCD_Eng_Hesham/CLCD_program.o
                0x00002552                CLCD_voidWriteNumber
 .text.CLCD_voidWriteString
                0x00002856       0x26 ./HAL/CLCD_Eng_Hesham/CLCD_program.o
                0x00002856                CLCD_voidWriteString
 .text.CLCD_voidWriteCommend
                0x0000287c       0x82 ./HAL/CLCD_Eng_Hesham/CLCD_program.o
                0x0000287c                CLCD_voidWriteCommend
 .text.CLCD_voidSetPosition
                0x000028fe       0x1c ./HAL/CLCD_Eng_Hesham/CLCD_program.o
                0x000028fe                CLCD_voidSetPosition
 .text.CLCD_voidInit
                0x0000291a       0x7c ./HAL/CLCD_Eng_Hesham/CLCD_program.o
                0x0000291a                CLCD_voidInit
 .text.main     0x00002996       0x4e ./APP/main.o
                0x00002996                main
 .text.libgcc   0x000029e4        0x0 c:/winavr-20100110/bin/../lib/gcc/avr/4.3.3/avr5\libgcc.a(_exit.o)
 .text.libgcc   0x000029e4        0x0 c:/winavr-20100110/bin/../lib/gcc/avr/4.3.3/avr5\libgcc.a(_copy_data.o)
 .text.libgcc   0x000029e4        0x0 c:/winavr-20100110/bin/../lib/gcc/avr/4.3.3/avr5\libgcc.a(_clear_bss.o)
 .text.libgcc   0x000029e4       0x3e c:/winavr-20100110/bin/../lib/gcc/avr/4.3.3/avr5\libgcc.a(_mulsi3.o)
                0x000029e4                __mulsi3
 .text.libgcc   0x00002a22       0x44 c:/winavr-20100110/bin/../lib/gcc/avr/4.3.3/avr5\libgcc.a(_udivmodsi4.o)
                0x00002a22                __udivmodsi4
 .text.libgcc   0x00002a66       0x38 c:/winavr-20100110/bin/../lib/gcc/avr/4.3.3/avr5\libgcc.a(_prologue.o)
                0x00002a66                __prologue_saves__
 .text.libgcc   0x00002a9e       0x36 c:/winavr-20100110/bin/../lib/gcc/avr/4.3.3/avr5\libgcc.a(_epilogue.o)
                0x00002a9e                __epilogue_restores__
                0x00002ad4                . = ALIGN (0x2)
 *(.fini9)
 .fini9         0x00002ad4        0x0 c:/winavr-20100110/bin/../lib/gcc/avr/4.3.3/avr5\libgcc.a(_exit.o)
                0x00002ad4                exit
                0x00002ad4                _exit
 *(.fini9)
 *(.fini8)
 *(.fini8)
 *(.fini7)
 *(.fini7)
 *(.fini6)
 *(.fini6)
 *(.fini5)
 *(.fini5)
 *(.fini4)
 *(.fini4)
 *(.fini3)
 *(.fini3)
 *(.fini2)
 *(.fini2)
 *(.fini1)
 *(.fini1)
 *(.fini0)
 .fini0         0x00002ad4        0x4 c:/winavr-20100110/bin/../lib/gcc/avr/4.3.3/avr5\libgcc.a(_exit.o)
 *(.fini0)
                0x00002ad8                _etext = .

.data           0x00800060      0x150 load address 0x00002ad8
                0x00800060                PROVIDE (__data_start, .)
 *(.data)
 .data          0x00800060        0x0 c:/winavr-20100110/bin/../lib/gcc/avr/4.3.3/../../../../avr/lib/avr5/crtm32.o
 .data          0x00800060        0x0 ./MCAL/UART/UART_program.o
 .data          0x00800060        0x0 ./MCAL/TIM1/TIM1_program.o
 .data          0x00800060        0x0 ./MCAL/TIM0/TIM0_program.o
 .data          0x00800060        0x0 ./MCAL/SPI/SPI_program.o
 .data          0x00800060        0x0 ./MCAL/GIE/GIE_program.o
 .data          0x00800060        0x0 ./MCAL/EXTI/EXTI_program.o
 .data          0x00800060        0x0 ./MCAL/DIO/DIO_program.o
 .data          0x00800060        0x0 ./MCAL/ADC/ADC_program.o
 .data          0x00800060        0x0 ./HAL/SW/SW_program.o
 .data          0x00800060        0x0 ./HAL/SSD/SSD_program.o
 .data          0x00800060        0x0 ./HAL/LED/LED_program.o
 .data          0x00800060        0x0 ./HAL/KBP/KBD_program.o
 .data          0x00800060        0x0 ./HAL/CLCD_Eng_Hesham/CLCD_program.o
 .data          0x00800060        0x0 ./APP/main.o
 .data          0x00800060        0x0 c:/winavr-20100110/bin/../lib/gcc/avr/4.3.3/avr5\libgcc.a(_exit.o)
 .data          0x00800060        0x0 c:/winavr-20100110/bin/../lib/gcc/avr/4.3.3/avr5\libgcc.a(_copy_data.o)
 .data          0x00800060        0x0 c:/winavr-20100110/bin/../lib/gcc/avr/4.3.3/avr5\libgcc.a(_clear_bss.o)
 .data          0x00800060        0x0 c:/winavr-20100110/bin/../lib/gcc/avr/4.3.3/avr5\libgcc.a(_ashldi3.o)
 .data          0x00800060        0x0 c:/winavr-20100110/bin/../lib/gcc/avr/4.3.3/avr5\libgcc.a(_udivdi3.o)
 .data          0x00800060        0x0 c:/winavr-20100110/bin/../lib/gcc/avr/4.3.3/avr5\libgcc.a(_umoddi3.o)
 .data          0x00800060        0x0 c:/winavr-20100110/bin/../lib/gcc/avr/4.3.3/avr5\libgcc.a(_mulsi3.o)
 .data          0x00800060        0x0 c:/winavr-20100110/bin/../lib/gcc/avr/4.3.3/avr5\libgcc.a(_udivmodsi4.o)
 .data          0x00800060        0x0 c:/winavr-20100110/bin/../lib/gcc/avr/4.3.3/avr5\libgcc.a(_prologue.o)
 .data          0x00800060        0x0 c:/winavr-20100110/bin/../lib/gcc/avr/4.3.3/avr5\libgcc.a(_epilogue.o)
 .data          0x00800060      0x100 c:/winavr-20100110/bin/../lib/gcc/avr/4.3.3/avr5\libgcc.a(_clz.o)
                0x00800060                __clz_tab
 *(.data*)
 .data.KBD_Arr  0x00800160       0x10 ./HAL/KBP/KBD_program.o
                0x00800160                KBD_Arr
 *(.rodata)
 *(.rodata*)
 .rodata.CLCD_ExtraChar
                0x00800170       0x40 ./HAL/CLCD_Eng_Hesham/CLCD_program.o
                0x00800170                CLCD_ExtraChar
 *(.gnu.linkonce.d*)
                0x008001b0                . = ALIGN (0x2)
                0x008001b0                _edata = .
                0x008001b0                PROVIDE (__data_end, .)

.bss            0x008001b0       0x1f
                0x008001b0                PROVIDE (__bss_start, .)
 *(.bss)
 .bss           0x008001b0        0x0 c:/winavr-20100110/bin/../lib/gcc/avr/4.3.3/../../../../avr/lib/avr5/crtm32.o
 .bss           0x008001b0        0x0 ./MCAL/UART/UART_program.o
 .bss           0x008001b0        0x0 ./MCAL/TIM1/TIM1_program.o
 .bss           0x008001b0        0x0 ./MCAL/TIM0/TIM0_program.o
 .bss           0x008001b0        0x0 ./MCAL/SPI/SPI_program.o
 .bss           0x008001b0        0x0 ./MCAL/GIE/GIE_program.o
 .bss           0x008001b0        0x0 ./MCAL/EXTI/EXTI_program.o
 .bss           0x008001b0        0x0 ./MCAL/DIO/DIO_program.o
 .bss           0x008001b0        0x0 ./MCAL/ADC/ADC_program.o
 .bss           0x008001b0        0x0 ./HAL/SW/SW_program.o
 .bss           0x008001b0        0x0 ./HAL/SSD/SSD_program.o
 .bss           0x008001b0        0x0 ./HAL/LED/LED_program.o
 .bss           0x008001b0        0x0 ./HAL/KBP/KBD_program.o
 .bss           0x008001b0        0x0 ./HAL/CLCD_Eng_Hesham/CLCD_program.o
 .bss           0x008001b0        0x0 ./APP/main.o
 .bss           0x008001b0        0x0 c:/winavr-20100110/bin/../lib/gcc/avr/4.3.3/avr5\libgcc.a(_exit.o)
 .bss           0x008001b0        0x0 c:/winavr-20100110/bin/../lib/gcc/avr/4.3.3/avr5\libgcc.a(_copy_data.o)
 .bss           0x008001b0        0x0 c:/winavr-20100110/bin/../lib/gcc/avr/4.3.3/avr5\libgcc.a(_clear_bss.o)
 .bss           0x008001b0        0x0 c:/winavr-20100110/bin/../lib/gcc/avr/4.3.3/avr5\libgcc.a(_ashldi3.o)
 .bss           0x008001b0        0x0 c:/winavr-20100110/bin/../lib/gcc/avr/4.3.3/avr5\libgcc.a(_udivdi3.o)
 .bss           0x008001b0        0x0 c:/winavr-20100110/bin/../lib/gcc/avr/4.3.3/avr5\libgcc.a(_umoddi3.o)
 .bss           0x008001b0        0x0 c:/winavr-20100110/bin/../lib/gcc/avr/4.3.3/avr5\libgcc.a(_mulsi3.o)
 .bss           0x008001b0        0x0 c:/winavr-20100110/bin/../lib/gcc/avr/4.3.3/avr5\libgcc.a(_udivmodsi4.o)
 .bss           0x008001b0        0x0 c:/winavr-20100110/bin/../lib/gcc/avr/4.3.3/avr5\libgcc.a(_prologue.o)
 .bss           0x008001b0        0x0 c:/winavr-20100110/bin/../lib/gcc/avr/4.3.3/avr5\libgcc.a(_epilogue.o)
 .bss           0x008001b0        0x0 c:/winavr-20100110/bin/../lib/gcc/avr/4.3.3/avr5\libgcc.a(_clz.o)
 *(.bss*)
 .bss.LOC_u8Tog.1234
                0x008001b0        0x1 ./HAL/LED/LED_program.o
 *(COMMON)
 COMMON         0x008001b1       0x14 ./MCAL/UART/UART_program.o
                0x008001b1                String
 COMMON         0x008001c5        0x4 ./MCAL/TIM0/TIM0_program.o
                0x008001c5                TIM0_CALLBACK
 COMMON         0x008001c9        0x6 ./MCAL/EXTI/EXTI_program.o
                0x008001c9                EXTI_CALLBACK
                0x008001cf                PROVIDE (__bss_end, .)
                0x00002ad8                __data_load_start = LOADADDR (.data)
                0x00002c28                __data_load_end = (__data_load_start + SIZEOF (.data))

.noinit         0x008001cf        0x0
                0x008001cf                PROVIDE (__noinit_start, .)
 *(.noinit*)
                0x008001cf                PROVIDE (__noinit_end, .)
                0x008001cf                _end = .
                0x008001cf                PROVIDE (__heap_start, .)

.eeprom         0x00810000        0x0
 *(.eeprom*)
                0x00810000                __eeprom_end = .

.fuse
 *(.fuse)
 *(.lfuse)
 *(.hfuse)
 *(.efuse)

.lock
 *(.lock*)

.signature
 *(.signature*)

.stab
 *(.stab)

.stabstr
 *(.stabstr)

.stab.excl
 *(.stab.excl)

.stab.exclstr
 *(.stab.exclstr)

.stab.index
 *(.stab.index)

.stab.indexstr
 *(.stab.indexstr)

.comment
 *(.comment)

.debug
 *(.debug)

.line
 *(.line)

.debug_srcinfo
 *(.debug_srcinfo)

.debug_sfnames
 *(.debug_sfnames)

.debug_aranges  0x00000000       0x60
 *(.debug_aranges)
 .debug_aranges
                0x00000000       0x20 c:/winavr-20100110/bin/../lib/gcc/avr/4.3.3/avr5\libgcc.a(_ashldi3.o)
 .debug_aranges
                0x00000020       0x20 c:/winavr-20100110/bin/../lib/gcc/avr/4.3.3/avr5\libgcc.a(_udivdi3.o)
 .debug_aranges
                0x00000040       0x20 c:/winavr-20100110/bin/../lib/gcc/avr/4.3.3/avr5\libgcc.a(_umoddi3.o)

.debug_pubnames
                0x00000000       0x80
 *(.debug_pubnames)
 .debug_pubnames
                0x00000000       0x20 c:/winavr-20100110/bin/../lib/gcc/avr/4.3.3/avr5\libgcc.a(_ashldi3.o)
 .debug_pubnames
                0x00000020       0x20 c:/winavr-20100110/bin/../lib/gcc/avr/4.3.3/avr5\libgcc.a(_udivdi3.o)
 .debug_pubnames
                0x00000040       0x20 c:/winavr-20100110/bin/../lib/gcc/avr/4.3.3/avr5\libgcc.a(_umoddi3.o)
 .debug_pubnames
                0x00000060       0x20 c:/winavr-20100110/bin/../lib/gcc/avr/4.3.3/avr5\libgcc.a(_clz.o)

.debug_info     0x00000000     0x109d
 *(.debug_info)
 .debug_info    0x00000000      0x17f c:/winavr-20100110/bin/../lib/gcc/avr/4.3.3/avr5\libgcc.a(_ashldi3.o)
 .debug_info    0x0000017f      0x71e c:/winavr-20100110/bin/../lib/gcc/avr/4.3.3/avr5\libgcc.a(_udivdi3.o)
 .debug_info    0x0000089d      0x757 c:/winavr-20100110/bin/../lib/gcc/avr/4.3.3/avr5\libgcc.a(_umoddi3.o)
 .debug_info    0x00000ff4       0xa9 c:/winavr-20100110/bin/../lib/gcc/avr/4.3.3/avr5\libgcc.a(_clz.o)
 *(.gnu.linkonce.wi.*)

.debug_abbrev   0x00000000      0x469
 *(.debug_abbrev)
 .debug_abbrev  0x00000000       0xee c:/winavr-20100110/bin/../lib/gcc/avr/4.3.3/avr5\libgcc.a(_ashldi3.o)
 .debug_abbrev  0x000000ee      0x181 c:/winavr-20100110/bin/../lib/gcc/avr/4.3.3/avr5\libgcc.a(_udivdi3.o)
 .debug_abbrev  0x0000026f      0x190 c:/winavr-20100110/bin/../lib/gcc/avr/4.3.3/avr5\libgcc.a(_umoddi3.o)
 .debug_abbrev  0x000003ff       0x6a c:/winavr-20100110/bin/../lib/gcc/avr/4.3.3/avr5\libgcc.a(_clz.o)

.debug_line     0x00000000      0x55b
 *(.debug_line)
 .debug_line    0x00000000       0xd7 c:/winavr-20100110/bin/../lib/gcc/avr/4.3.3/avr5\libgcc.a(_ashldi3.o)
 .debug_line    0x000000d7      0x1d8 c:/winavr-20100110/bin/../lib/gcc/avr/4.3.3/avr5\libgcc.a(_udivdi3.o)
 .debug_line    0x000002af      0x230 c:/winavr-20100110/bin/../lib/gcc/avr/4.3.3/avr5\libgcc.a(_umoddi3.o)
 .debug_line    0x000004df       0x7c c:/winavr-20100110/bin/../lib/gcc/avr/4.3.3/avr5\libgcc.a(_clz.o)

.debug_frame    0x00000000       0x60
 *(.debug_frame)
 .debug_frame   0x00000000       0x20 c:/winavr-20100110/bin/../lib/gcc/avr/4.3.3/avr5\libgcc.a(_ashldi3.o)
 .debug_frame   0x00000020       0x20 c:/winavr-20100110/bin/../lib/gcc/avr/4.3.3/avr5\libgcc.a(_udivdi3.o)
 .debug_frame   0x00000040       0x20 c:/winavr-20100110/bin/../lib/gcc/avr/4.3.3/avr5\libgcc.a(_umoddi3.o)

.debug_str      0x00000000      0x16a
 *(.debug_str)
 .debug_str     0x00000000       0xe4 c:/winavr-20100110/bin/../lib/gcc/avr/4.3.3/avr5\libgcc.a(_ashldi3.o)
                                0x131 (size before relaxing)
 .debug_str     0x000000e4       0x7c c:/winavr-20100110/bin/../lib/gcc/avr/4.3.3/avr5\libgcc.a(_udivdi3.o)
                                0x18a (size before relaxing)
 .debug_str     0x00000160        0xa c:/winavr-20100110/bin/../lib/gcc/avr/4.3.3/avr5\libgcc.a(_umoddi3.o)
                                0x18a (size before relaxing)
 .debug_str     0x00000000       0xf4 c:/winavr-20100110/bin/../lib/gcc/avr/4.3.3/avr5\libgcc.a(_clz.o)

.debug_loc      0x00000000     0x1a1e
 *(.debug_loc)
 .debug_loc     0x00000000       0xf8 c:/winavr-20100110/bin/../lib/gcc/avr/4.3.3/avr5\libgcc.a(_ashldi3.o)
 .debug_loc     0x000000f8      0xe74 c:/winavr-20100110/bin/../lib/gcc/avr/4.3.3/avr5\libgcc.a(_udivdi3.o)
 .debug_loc     0x00000f6c      0xab2 c:/winavr-20100110/bin/../lib/gcc/avr/4.3.3/avr5\libgcc.a(_umoddi3.o)

.debug_macinfo
 *(.debug_macinfo)
OUTPUT(Master.elf elf32-avr)
LOAD linker stubs

.debug_ranges   0x00000000       0x30
 .debug_ranges  0x00000000       0x18 c:/winavr-20100110/bin/../lib/gcc/avr/4.3.3/avr5\libgcc.a(_udivdi3.o)
 .debug_ranges  0x00000018       0x18 c:/winavr-20100110/bin/../lib/gcc/avr/4.3.3/avr5\libgcc.a(_umoddi3.o)
